Copyright 1986-2022 Xilinx, Inc. All Rights Reserved. Copyright 2022-2024 Advanced Micro Devices, Inc. All Rights Reserved.
---------------------------------------------------------------------------------------------------------------------------------------------
| Tool Version : Vivado v.2024.2 (win64) Build 5239630 Fri Nov 08 22:35:27 MST 2024
| Date         : Fri May 29 09:29:39 2026
| Host         : DESKTOP-7HQBVAU running 64-bit major release  (build 9200)
| Command      : report_control_sets -verbose -file CPU_Pipeline_control_sets_placed.rpt
| Design       : CPU_Pipeline
| Device       : xc7a35t
---------------------------------------------------------------------------------------------------------------------------------------------

Control Set Information

Table of Contents
-----------------
1. Summary
2. Histogram
3. Flip-Flop Distribution
4. Detailed Control Set Information

1. Summary
----------

+----------------------------------------------------------+-------+
|                          Status                          | Count |
+----------------------------------------------------------+-------+
| Total control sets                                       |    10 |
|    Minimum number of control sets                        |    10 |
|    Addition due to synthesis replication                 |     0 |
|    Addition due to physical synthesis replication        |     0 |
| Unused register locations in slices containing registers |     7 |
+----------------------------------------------------------+-------+
* Control sets can be merged at opt_design using control_set_merge or merge_equivalent_drivers
** Run report_qor_suggestions for automated merging and remapping suggestions


2. Histogram
------------

+--------------------+-------+
|       Fanout       | Count |
+--------------------+-------+
| Total control sets |    10 |
| >= 0 to < 4        |     0 |
| >= 4 to < 6        |     0 |
| >= 6 to < 8        |     0 |
| >= 8 to < 10       |     0 |
| >= 10 to < 12      |     0 |
| >= 12 to < 14      |     0 |
| >= 14 to < 16      |     0 |
| >= 16              |    10 |
+--------------------+-------+
* Control sets can be remapped at either synth_design or opt_design


3. Flip-Flop Distribution
-------------------------

+--------------+-----------------------+------------------------+-----------------+--------------+
| Clock Enable | Synchronous Set/Reset | Asynchronous Set/Reset | Total Registers | Total Slices |
+--------------+-----------------------+------------------------+-----------------+--------------+
| No           | No                    | No                     |              32 |           12 |
| No           | No                    | Yes                    |             221 |           76 |
| No           | Yes                   | No                     |               0 |            0 |
| Yes          | No                    | No                     |               0 |            0 |
| Yes          | No                    | Yes                    |             116 |           36 |
| Yes          | Yes                   | No                     |               0 |            0 |
+--------------+-----------------------+------------------------+-----------------+--------------+


4. Detailed Control Set Information
-----------------------------------

+----------------+------------------------------------+------------------+------------------+----------------+--------------+
|  Clock Signal  |            Enable Signal           | Set/Reset Signal | Slice Load Count | Bel Load Count | Bels / Slice |
+----------------+------------------------------------+------------------+------------------+----------------+--------------+
|  clk_IBUF_BUFG | dp/id_ex_reg/E[0]                  | rst_IBUF         |                5 |             20 |         4.00 |
|  clk_IBUF_BUFG | dp/ex_mem_reg/MEM_MemWrite_reg_3   |                  |                8 |             32 |         4.00 |
|  clk_IBUF_BUFG | dp/ex_mem_reg/MEM_MemWrite_reg_1   |                  |                8 |             32 |         4.00 |
|  clk_IBUF_BUFG | dp/ex_mem_reg/MEM_MemWrite_reg_0   |                  |                8 |             32 |         4.00 |
|  clk_IBUF_BUFG | dp/ex_mem_reg/MEM_MemWrite_reg_2   |                  |                8 |             32 |         4.00 |
|  clk_IBUF_BUFG | dp/mem_wb_reg/WB_RegWrite_reg_0[0] | rst_IBUF         |                8 |             32 |         4.00 |
|  clk_IBUF_BUFG | dp/mem_wb_reg/E[0]                 | rst_IBUF         |               13 |             32 |         2.46 |
|  clk_IBUF_BUFG | dp/mem_wb_reg/WB_rd_reg[1]_0[0]    | rst_IBUF         |               10 |             32 |         3.20 |
|  clk_IBUF_BUFG |                                    |                  |               16 |             48 |         3.00 |
|  clk_IBUF_BUFG |                                    | rst_IBUF         |               76 |            221 |         2.91 |
+----------------+------------------------------------+------------------+------------------+----------------+--------------+


