Copyright 1986-2022 Xilinx, Inc. All Rights Reserved. Copyright 2022-2024 Advanced Micro Devices, Inc. All Rights Reserved.
---------------------------------------------------------------------------------------------------------------------------------------------
| Tool Version : Vivado v.2024.2 (win64) Build 5239630 Fri Nov 08 22:35:27 MST 2024
| Date         : Fri May 29 09:29:36 2026
| Host         : DESKTOP-7HQBVAU running 64-bit major release  (build 9200)
| Command      : report_drc -file CPU_Pipeline_drc_opted.rpt -pb CPU_Pipeline_drc_opted.pb -rpx CPU_Pipeline_drc_opted.rpx
| Design       : CPU_Pipeline
| Device       : xc7a35tcpg236-3
| Speed File   : -3
| Design State : Synthesized
---------------------------------------------------------------------------------------------------------------------------------------------

Report DRC

Table of Contents
-----------------
1. REPORT SUMMARY
2. REPORT DETAILS

1. REPORT SUMMARY
-----------------
            Netlist: netlist
          Floorplan: design_1
      Design limits: <entire design considered>
           Ruledeck: default
             Max checks: <unlimited>
             Checks found: 3
+----------+------------------+-----------------------------------------------------+--------+
| Rule     | Severity         | Description                                         | Checks |
+----------+------------------+-----------------------------------------------------+--------+
| UCIO-1   | Critical Warning | Unconstrained Logical Port                          | 1      |
| CFGBVS-1 | Warning          | Missing CFGBVS and CONFIG_VOLTAGE Design Properties | 1      |
| PLIO-3   | Warning          | Placement Constraints Check for IO constraints      | 1      |
+----------+------------------+-----------------------------------------------------+--------+

2. REPORT DETAILS
-----------------
UCIO-1#1 Critical Warning
Unconstrained Logical Port  
30 out of 34 logical ports have no user assigned specific location constraint (LOC). This may cause I/O contention or incompatibility with the board power or connectivity affecting performance, signal integrity or in extreme cases cause damage to the device or the components to which it is connected. To correct this violation, specify all pin locations. This design will fail to generate a bitstream unless all logical ports have a user specified site LOC constraint defined.  To allow bitstream creation with unspecified pin locations (not recommended), use this command: set_property SEVERITY {Warning} [get_drc_checks UCIO-1].  NOTE: When using the Vivado Runs infrastructure (e.g. launch_runs Tcl command), add this command to a .tcl file and add that file as a pre-hook for write_bitstream step for the implementation run.  Problem ports: debug_wb[17], debug_wb[18], debug_wb[19], debug_wb[20], debug_wb[21],
debug_wb[22], debug_wb[23], debug_wb[24], debug_wb[25], debug_wb[26],
debug_wb[27], debug_wb[28], debug_wb[29], debug_wb[30], debug_wb[31]
 (the first 15 of 30 listed).
Related violations: <none>

CFGBVS-1#1 Warning
Missing CFGBVS and CONFIG_VOLTAGE Design Properties  
Neither the CFGBVS nor CONFIG_VOLTAGE voltage property is set in the current_design.  Configuration bank voltage select (CFGBVS) must be set to VCCO or GND, and CONFIG_VOLTAGE must be set to the correct configuration voltage, in order to determine the I/O voltage support for the pins in bank 0.  It is suggested to specify these either using the 'Edit Device Properties' function in the GUI or directly in the XDC file using the following syntax:

 set_property CFGBVS value1 [current_design]
 #where value1 is either VCCO or GND

 set_property CONFIG_VOLTAGE value2 [current_design]
 #where value2 is the voltage provided to configuration bank 0

Refer to the device configuration user guide for more information.
Related violations: <none>

PLIO-3#1 Warning
Placement Constraints Check for IO constraints  
Partially locked IO Bus is found. Following components of the IO Bus debug_wb[31:0] are not locked:  debug_wb[31] debug_wb[30] debug_wb[29] debug_wb[28] debug_wb[27] debug_wb[26] debug_wb[25] debug_wb[24] debug_wb[23] debug_wb[22] debug_wb[21] debug_wb[20] debug_wb[19] debug_wb[18] debug_wb[17] debug_wb[16] debug_wb[15] debug_wb[14] debug_wb[13] debug_wb[12] debug_wb[11] debug_wb[10] debug_wb[9] debug_wb[8] debug_wb[7] debug_wb[6] debug_wb[5] debug_wb[4] debug_wb[3] debug_wb[2]
Related violations: <none>


