Copyright 1986-2022 Xilinx, Inc. All Rights Reserved. Copyright 2022-2024 Advanced Micro Devices, Inc. All Rights Reserved.
--------------------------------------------------------------------------------------------------------------------------------------------------------------------------
| Tool Version : Vivado v.2024.2 (win64) Build 5239630 Fri Nov 08 22:35:27 MST 2024
| Date         : Fri May 29 09:30:09 2026
| Host         : DESKTOP-7HQBVAU running 64-bit major release  (build 9200)
| Command      : report_methodology -file CPU_Pipeline_methodology_drc_routed.rpt -pb CPU_Pipeline_methodology_drc_routed.pb -rpx CPU_Pipeline_methodology_drc_routed.rpx
| Design       : CPU_Pipeline
| Device       : xc7a35tcpg236-3
| Speed File   : -3
| Design State : Fully Routed
--------------------------------------------------------------------------------------------------------------------------------------------------------------------------

Report Methodology

Table of Contents
-----------------
1. REPORT SUMMARY
2. REPORT DETAILS

1. REPORT SUMMARY
-----------------
            Netlist: netlist
          Floorplan: design_1
      Design limits: <entire design considered>
             Max checks: <unlimited>
             Checks found: 33
+--------+----------+------------------------------------------+--------+
| Rule   | Severity | Description                              | Checks |
+--------+----------+------------------------------------------+--------+
| XDCH-2 | Warning  | Same min and max delay values on IO port | 33     |
+--------+----------+------------------------------------------+--------+

2. REPORT DETAILS
-----------------
XDCH-2#1 Warning
Same min and max delay values on IO port  
The same input delay of 0.000 ns has been defined on port 'rst' relative to clock clk for both max and min. Make sure this reflects the design intent.
set_input_delay -clock clk 0.000 [get_ports rst]
E:/UIT/HDL/Do_an_HDL/Do_an_HDL/Do_an_HDL.srcs/constrs_1/new/basys3.xdc (Line: 15)
Related violations: <none>

XDCH-2#2 Warning
Same min and max delay values on IO port  
The same output delay of 0.000 ns has been defined on port 'debug_wb[0]' relative to clock clk for both max and min. Make sure this reflects the design intent.
set_output_delay -clock clk 0.000 [get_ports {debug_wb[*]}]
E:/UIT/HDL/Do_an_HDL/Do_an_HDL/Do_an_HDL.srcs/constrs_1/new/basys3.xdc (Line: 17)
Related violations: <none>

XDCH-2#3 Warning
Same min and max delay values on IO port  
The same output delay of 0.000 ns has been defined on port 'debug_wb[10]' relative to clock clk for both max and min. Make sure this reflects the design intent.
set_output_delay -clock clk 0.000 [get_ports {debug_wb[*]}]
E:/UIT/HDL/Do_an_HDL/Do_an_HDL/Do_an_HDL.srcs/constrs_1/new/basys3.xdc (Line: 17)
Related violations: <none>

XDCH-2#4 Warning
Same min and max delay values on IO port  
The same output delay of 0.000 ns has been defined on port 'debug_wb[11]' relative to clock clk for both max and min. Make sure this reflects the design intent.
set_output_delay -clock clk 0.000 [get_ports {debug_wb[*]}]
E:/UIT/HDL/Do_an_HDL/Do_an_HDL/Do_an_HDL.srcs/constrs_1/new/basys3.xdc (Line: 17)
Related violations: <none>

XDCH-2#5 Warning
Same min and max delay values on IO port  
The same output delay of 0.000 ns has been defined on port 'debug_wb[12]' relative to clock clk for both max and min. Make sure this reflects the design intent.
set_output_delay -clock clk 0.000 [get_ports {debug_wb[*]}]
E:/UIT/HDL/Do_an_HDL/Do_an_HDL/Do_an_HDL.srcs/constrs_1/new/basys3.xdc (Line: 17)
Related violations: <none>

XDCH-2#6 Warning
Same min and max delay values on IO port  
The same output delay of 0.000 ns has been defined on port 'debug_wb[13]' relative to clock clk for both max and min. Make sure this reflects the design intent.
set_output_delay -clock clk 0.000 [get_ports {debug_wb[*]}]
E:/UIT/HDL/Do_an_HDL/Do_an_HDL/Do_an_HDL.srcs/constrs_1/new/basys3.xdc (Line: 17)
Related violations: <none>

XDCH-2#7 Warning
Same min and max delay values on IO port  
The same output delay of 0.000 ns has been defined on port 'debug_wb[14]' relative to clock clk for both max and min. Make sure this reflects the design intent.
set_output_delay -clock clk 0.000 [get_ports {debug_wb[*]}]
E:/UIT/HDL/Do_an_HDL/Do_an_HDL/Do_an_HDL.srcs/constrs_1/new/basys3.xdc (Line: 17)
Related violations: <none>

XDCH-2#8 Warning
Same min and max delay values on IO port  
The same output delay of 0.000 ns has been defined on port 'debug_wb[15]' relative to clock clk for both max and min. Make sure this reflects the design intent.
set_output_delay -clock clk 0.000 [get_ports {debug_wb[*]}]
E:/UIT/HDL/Do_an_HDL/Do_an_HDL/Do_an_HDL.srcs/constrs_1/new/basys3.xdc (Line: 17)
Related violations: <none>

XDCH-2#9 Warning
Same min and max delay values on IO port  
The same output delay of 0.000 ns has been defined on port 'debug_wb[16]' relative to clock clk for both max and min. Make sure this reflects the design intent.
set_output_delay -clock clk 0.000 [get_ports {debug_wb[*]}]
E:/UIT/HDL/Do_an_HDL/Do_an_HDL/Do_an_HDL.srcs/constrs_1/new/basys3.xdc (Line: 17)
Related violations: <none>

XDCH-2#10 Warning
Same min and max delay values on IO port  
The same output delay of 0.000 ns has been defined on port 'debug_wb[17]' relative to clock clk for both max and min. Make sure this reflects the design intent.
set_output_delay -clock clk 0.000 [get_ports {debug_wb[*]}]
E:/UIT/HDL/Do_an_HDL/Do_an_HDL/Do_an_HDL.srcs/constrs_1/new/basys3.xdc (Line: 17)
Related violations: <none>

XDCH-2#11 Warning
Same min and max delay values on IO port  
The same output delay of 0.000 ns has been defined on port 'debug_wb[18]' relative to clock clk for both max and min. Make sure this reflects the design intent.
set_output_delay -clock clk 0.000 [get_ports {debug_wb[*]}]
E:/UIT/HDL/Do_an_HDL/Do_an_HDL/Do_an_HDL.srcs/constrs_1/new/basys3.xdc (Line: 17)
Related violations: <none>

XDCH-2#12 Warning
Same min and max delay values on IO port  
The same output delay of 0.000 ns has been defined on port 'debug_wb[19]' relative to clock clk for both max and min. Make sure this reflects the design intent.
set_output_delay -clock clk 0.000 [get_ports {debug_wb[*]}]
E:/UIT/HDL/Do_an_HDL/Do_an_HDL/Do_an_HDL.srcs/constrs_1/new/basys3.xdc (Line: 17)
Related violations: <none>

XDCH-2#13 Warning
Same min and max delay values on IO port  
The same output delay of 0.000 ns has been defined on port 'debug_wb[1]' relative to clock clk for both max and min. Make sure this reflects the design intent.
set_output_delay -clock clk 0.000 [get_ports {debug_wb[*]}]
E:/UIT/HDL/Do_an_HDL/Do_an_HDL/Do_an_HDL.srcs/constrs_1/new/basys3.xdc (Line: 17)
Related violations: <none>

XDCH-2#14 Warning
Same min and max delay values on IO port  
The same output delay of 0.000 ns has been defined on port 'debug_wb[20]' relative to clock clk for both max and min. Make sure this reflects the design intent.
set_output_delay -clock clk 0.000 [get_ports {debug_wb[*]}]
E:/UIT/HDL/Do_an_HDL/Do_an_HDL/Do_an_HDL.srcs/constrs_1/new/basys3.xdc (Line: 17)
Related violations: <none>

XDCH-2#15 Warning
Same min and max delay values on IO port  
The same output delay of 0.000 ns has been defined on port 'debug_wb[21]' relative to clock clk for both max and min. Make sure this reflects the design intent.
set_output_delay -clock clk 0.000 [get_ports {debug_wb[*]}]
E:/UIT/HDL/Do_an_HDL/Do_an_HDL/Do_an_HDL.srcs/constrs_1/new/basys3.xdc (Line: 17)
Related violations: <none>

XDCH-2#16 Warning
Same min and max delay values on IO port  
The same output delay of 0.000 ns has been defined on port 'debug_wb[22]' relative to clock clk for both max and min. Make sure this reflects the design intent.
set_output_delay -clock clk 0.000 [get_ports {debug_wb[*]}]
E:/UIT/HDL/Do_an_HDL/Do_an_HDL/Do_an_HDL.srcs/constrs_1/new/basys3.xdc (Line: 17)
Related violations: <none>

XDCH-2#17 Warning
Same min and max delay values on IO port  
The same output delay of 0.000 ns has been defined on port 'debug_wb[23]' relative to clock clk for both max and min. Make sure this reflects the design intent.
set_output_delay -clock clk 0.000 [get_ports {debug_wb[*]}]
E:/UIT/HDL/Do_an_HDL/Do_an_HDL/Do_an_HDL.srcs/constrs_1/new/basys3.xdc (Line: 17)
Related violations: <none>

XDCH-2#18 Warning
Same min and max delay values on IO port  
The same output delay of 0.000 ns has been defined on port 'debug_wb[24]' relative to clock clk for both max and min. Make sure this reflects the design intent.
set_output_delay -clock clk 0.000 [get_ports {debug_wb[*]}]
E:/UIT/HDL/Do_an_HDL/Do_an_HDL/Do_an_HDL.srcs/constrs_1/new/basys3.xdc (Line: 17)
Related violations: <none>

XDCH-2#19 Warning
Same min and max delay values on IO port  
The same output delay of 0.000 ns has been defined on port 'debug_wb[25]' relative to clock clk for both max and min. Make sure this reflects the design intent.
set_output_delay -clock clk 0.000 [get_ports {debug_wb[*]}]
E:/UIT/HDL/Do_an_HDL/Do_an_HDL/Do_an_HDL.srcs/constrs_1/new/basys3.xdc (Line: 17)
Related violations: <none>

XDCH-2#20 Warning
Same min and max delay values on IO port  
The same output delay of 0.000 ns has been defined on port 'debug_wb[26]' relative to clock clk for both max and min. Make sure this reflects the design intent.
set_output_delay -clock clk 0.000 [get_ports {debug_wb[*]}]
E:/UIT/HDL/Do_an_HDL/Do_an_HDL/Do_an_HDL.srcs/constrs_1/new/basys3.xdc (Line: 17)
Related violations: <none>

XDCH-2#21 Warning
Same min and max delay values on IO port  
The same output delay of 0.000 ns has been defined on port 'debug_wb[27]' relative to clock clk for both max and min. Make sure this reflects the design intent.
set_output_delay -clock clk 0.000 [get_ports {debug_wb[*]}]
E:/UIT/HDL/Do_an_HDL/Do_an_HDL/Do_an_HDL.srcs/constrs_1/new/basys3.xdc (Line: 17)
Related violations: <none>

XDCH-2#22 Warning
Same min and max delay values on IO port  
The same output delay of 0.000 ns has been defined on port 'debug_wb[28]' relative to clock clk for both max and min. Make sure this reflects the design intent.
set_output_delay -clock clk 0.000 [get_ports {debug_wb[*]}]
E:/UIT/HDL/Do_an_HDL/Do_an_HDL/Do_an_HDL.srcs/constrs_1/new/basys3.xdc (Line: 17)
Related violations: <none>

XDCH-2#23 Warning
Same min and max delay values on IO port  
The same output delay of 0.000 ns has been defined on port 'debug_wb[29]' relative to clock clk for both max and min. Make sure this reflects the design intent.
set_output_delay -clock clk 0.000 [get_ports {debug_wb[*]}]
E:/UIT/HDL/Do_an_HDL/Do_an_HDL/Do_an_HDL.srcs/constrs_1/new/basys3.xdc (Line: 17)
Related violations: <none>

XDCH-2#24 Warning
Same min and max delay values on IO port  
The same output delay of 0.000 ns has been defined on port 'debug_wb[2]' relative to clock clk for both max and min. Make sure this reflects the design intent.
set_output_delay -clock clk 0.000 [get_ports {debug_wb[*]}]
E:/UIT/HDL/Do_an_HDL/Do_an_HDL/Do_an_HDL.srcs/constrs_1/new/basys3.xdc (Line: 17)
Related violations: <none>

XDCH-2#25 Warning
Same min and max delay values on IO port  
The same output delay of 0.000 ns has been defined on port 'debug_wb[30]' relative to clock clk for both max and min. Make sure this reflects the design intent.
set_output_delay -clock clk 0.000 [get_ports {debug_wb[*]}]
E:/UIT/HDL/Do_an_HDL/Do_an_HDL/Do_an_HDL.srcs/constrs_1/new/basys3.xdc (Line: 17)
Related violations: <none>

XDCH-2#26 Warning
Same min and max delay values on IO port  
The same output delay of 0.000 ns has been defined on port 'debug_wb[31]' relative to clock clk for both max and min. Make sure this reflects the design intent.
set_output_delay -clock clk 0.000 [get_ports {debug_wb[*]}]
E:/UIT/HDL/Do_an_HDL/Do_an_HDL/Do_an_HDL.srcs/constrs_1/new/basys3.xdc (Line: 17)
Related violations: <none>

XDCH-2#27 Warning
Same min and max delay values on IO port  
The same output delay of 0.000 ns has been defined on port 'debug_wb[3]' relative to clock clk for both max and min. Make sure this reflects the design intent.
set_output_delay -clock clk 0.000 [get_ports {debug_wb[*]}]
E:/UIT/HDL/Do_an_HDL/Do_an_HDL/Do_an_HDL.srcs/constrs_1/new/basys3.xdc (Line: 17)
Related violations: <none>

XDCH-2#28 Warning
Same min and max delay values on IO port  
The same output delay of 0.000 ns has been defined on port 'debug_wb[4]' relative to clock clk for both max and min. Make sure this reflects the design intent.
set_output_delay -clock clk 0.000 [get_ports {debug_wb[*]}]
E:/UIT/HDL/Do_an_HDL/Do_an_HDL/Do_an_HDL.srcs/constrs_1/new/basys3.xdc (Line: 17)
Related violations: <none>

XDCH-2#29 Warning
Same min and max delay values on IO port  
The same output delay of 0.000 ns has been defined on port 'debug_wb[5]' relative to clock clk for both max and min. Make sure this reflects the design intent.
set_output_delay -clock clk 0.000 [get_ports {debug_wb[*]}]
E:/UIT/HDL/Do_an_HDL/Do_an_HDL/Do_an_HDL.srcs/constrs_1/new/basys3.xdc (Line: 17)
Related violations: <none>

XDCH-2#30 Warning
Same min and max delay values on IO port  
The same output delay of 0.000 ns has been defined on port 'debug_wb[6]' relative to clock clk for both max and min. Make sure this reflects the design intent.
set_output_delay -clock clk 0.000 [get_ports {debug_wb[*]}]
E:/UIT/HDL/Do_an_HDL/Do_an_HDL/Do_an_HDL.srcs/constrs_1/new/basys3.xdc (Line: 17)
Related violations: <none>

XDCH-2#31 Warning
Same min and max delay values on IO port  
The same output delay of 0.000 ns has been defined on port 'debug_wb[7]' relative to clock clk for both max and min. Make sure this reflects the design intent.
set_output_delay -clock clk 0.000 [get_ports {debug_wb[*]}]
E:/UIT/HDL/Do_an_HDL/Do_an_HDL/Do_an_HDL.srcs/constrs_1/new/basys3.xdc (Line: 17)
Related violations: <none>

XDCH-2#32 Warning
Same min and max delay values on IO port  
The same output delay of 0.000 ns has been defined on port 'debug_wb[8]' relative to clock clk for both max and min. Make sure this reflects the design intent.
set_output_delay -clock clk 0.000 [get_ports {debug_wb[*]}]
E:/UIT/HDL/Do_an_HDL/Do_an_HDL/Do_an_HDL.srcs/constrs_1/new/basys3.xdc (Line: 17)
Related violations: <none>

XDCH-2#33 Warning
Same min and max delay values on IO port  
The same output delay of 0.000 ns has been defined on port 'debug_wb[9]' relative to clock clk for both max and min. Make sure this reflects the design intent.
set_output_delay -clock clk 0.000 [get_ports {debug_wb[*]}]
E:/UIT/HDL/Do_an_HDL/Do_an_HDL/Do_an_HDL.srcs/constrs_1/new/basys3.xdc (Line: 17)
Related violations: <none>


